[     123ms] [ERROR] Failed to load resource: the server responded with a status of 404 (Not Found) @ http://localhost:8083/components/icons/menu.svg:0
[     123ms] [ERROR] Failed to load resource: the server responded with a status of 404 (Not Found) @ http://localhost:8083/components/icons/license.svg:0
[     126ms] [ERROR] Failed to load resource: the server responded with a status of 404 (Not Found) @ http://localhost:8083/components/icons/npm.svg:0
[     127ms] [ERROR] Failed to load resource: the server responded with a status of 404 (Not Found) @ http://localhost:8083/components/icons/github-mark.svg:0
[     127ms] [ERROR] Failed to load resource: the server responded with a status of 404 (Not Found) @ http://localhost:8083/components/icons/close.svg:0
[     131ms] [ERROR] Failed to load resource: the server responded with a status of 404 (Not Found) @ http://localhost:8083/components/icons/mode-auto.svg:0
[     131ms] [ERROR] Failed to load resource: the server responded with a status of 404 (Not Found) @ http://localhost:8083/components/icons/mode-dark.svg:0
[     132ms] [ERROR] Failed to load resource: the server responded with a status of 404 (Not Found) @ http://localhost:8083/components/icons/mode-light.svg:0
[     132ms] [ERROR] Failed to load resource: the server responded with a status of 404 (Not Found) @ http://localhost:8083/components/icons/play.svg:0
[     133ms] [ERROR] Failed to load resource: the server responded with a status of 404 (Not Found) @ http://localhost:8083/components/icons/volume_up.svg:0
[     134ms] [ERROR] Failed to load resource: the server responded with a status of 404 (Not Found) @ http://localhost:8083/components/icons/arrow_drop_down.svg:0
[     134ms] [ERROR] Failed to load resource: the server responded with a status of 404 (Not Found) @ http://localhost:8083/components/icons/repeat.svg:0
[     134ms] [ERROR] Failed to load resource: the server responded with a status of 404 (Not Found) @ http://localhost:8083/components/icons/download.svg:0
[     135ms] [ERROR] Failed to load resource: the server responded with a status of 404 (Not Found) @ http://localhost:8083/components/icons/fast_rewind.svg:0
[     136ms] [ERROR] Failed to load resource: the server responded with a status of 404 (Not Found) @ http://localhost:8083/components/icons/fast_forward.svg:0
[     137ms] [ERROR] Failed to load resource: the server responded with a status of 404 (Not Found) @ http://localhost:8083/components/icons/fullscreen.svg:0
[  150596ms] [ERROR] Failed to load resource: the server responded with a status of 404 (Not Found) @ http://localhost:8083/components/icons/license.svg:0
[  150596ms] [ERROR] Failed to load resource: the server responded with a status of 404 (Not Found) @ http://localhost:8083/components/icons/npm.svg:0
[  150596ms] [ERROR] Failed to load resource: the server responded with a status of 404 (Not Found) @ http://localhost:8083/components/icons/menu.svg:0
[  150597ms] [ERROR] Failed to load resource: the server responded with a status of 404 (Not Found) @ http://localhost:8083/components/icons/github-mark.svg:0
[  150597ms] [ERROR] Failed to load resource: the server responded with a status of 404 (Not Found) @ http://localhost:8083/components/icons/close.svg:0
[  150628ms] [ERROR] Failed to load resource: the server responded with a status of 404 (Not Found) @ http://localhost:8083/components/icons/mode-dark.svg:0
[  150629ms] [ERROR] Failed to load resource: the server responded with a status of 404 (Not Found) @ http://localhost:8083/components/icons/mode-auto.svg:0
[  150629ms] [ERROR] Failed to load resource: the server responded with a status of 404 (Not Found) @ http://localhost:8083/components/icons/mode-light.svg:0
[  150629ms] [ERROR] Failed to load resource: the server responded with a status of 404 (Not Found) @ http://localhost:8083/components/icons/play.svg:0
[  150630ms] [ERROR] Failed to load resource: the server responded with a status of 404 (Not Found) @ http://localhost:8083/components/icons/volume_up.svg:0
[  150630ms] [ERROR] Failed to load resource: the server responded with a status of 404 (Not Found) @ http://localhost:8083/components/icons/arrow_drop_down.svg:0
[  150630ms] [ERROR] Failed to load resource: the server responded with a status of 404 (Not Found) @ http://localhost:8083/components/icons/repeat.svg:0
[  150630ms] [ERROR] Failed to load resource: the server responded with a status of 404 (Not Found) @ http://localhost:8083/components/icons/download.svg:0
[  150630ms] [ERROR] Failed to load resource: the server responded with a status of 404 (Not Found) @ http://localhost:8083/components/icons/fast_rewind.svg:0
[  150630ms] [ERROR] Failed to load resource: the server responded with a status of 404 (Not Found) @ http://localhost:8083/components/icons/fast_forward.svg:0
[  150631ms] [ERROR] Failed to load resource: the server responded with a status of 404 (Not Found) @ http://localhost:8083/components/icons/fullscreen.svg:0
[  192898ms] [ERROR] Failed to load resource: the server responded with a status of 404 (Not Found) @ http://localhost:8083/components/icons/pause.svg:0
[  196540ms] [ERROR] Failed to load resource: the server responded with a status of 404 (Not Found) @ http://localhost:8083/components/icons/volume_off.svg:0
