[      75ms] [ERROR] Failed to load resource: the server responded with a status of 404 (Not Found) @ http://localhost:8083/components/icons/license.svg:0
[      97ms] [ERROR] Failed to load resource: the server responded with a status of 404 (Not Found) @ http://localhost:8083/components/icons/menu.svg:0
[      98ms] [ERROR] Failed to load resource: the server responded with a status of 404 (Not Found) @ http://localhost:8083/components/icons/npm.svg:0
[      98ms] [ERROR] Failed to load resource: the server responded with a status of 404 (Not Found) @ http://localhost:8083/components/icons/close.svg:0
[      98ms] [ERROR] Failed to load resource: the server responded with a status of 404 (Not Found) @ http://localhost:8083/components/icons/github-mark.svg:0
[     114ms] [ERROR] Failed to load resource: the server responded with a status of 404 (Not Found) @ http://localhost:8083/components/icons/mode-light.svg:0
[     114ms] [ERROR] Failed to load resource: the server responded with a status of 404 (Not Found) @ http://localhost:8083/components/icons/mode-auto.svg:0
[     114ms] [ERROR] Failed to load resource: the server responded with a status of 404 (Not Found) @ http://localhost:8083/components/icons/mode-dark.svg:0
[     115ms] [ERROR] Failed to load resource: the server responded with a status of 404 (Not Found) @ http://localhost:8083/components/icons/play.svg:0
[     115ms] [ERROR] Failed to load resource: the server responded with a status of 404 (Not Found) @ http://localhost:8083/components/icons/volume_up.svg:0
[     116ms] [ERROR] Failed to load resource: the server responded with a status of 404 (Not Found) @ http://localhost:8083/components/icons/arrow_drop_down.svg:0
[     117ms] [ERROR] Failed to load resource: the server responded with a status of 404 (Not Found) @ http://localhost:8083/components/icons/repeat.svg:0
[     127ms] [ERROR] Failed to load resource: the server responded with a status of 404 (Not Found) @ http://localhost:8083/components/icons/download.svg:0
[     129ms] [ERROR] Failed to load resource: the server responded with a status of 404 (Not Found) @ http://localhost:8083/components/icons/fast_rewind.svg:0
[     130ms] [ERROR] Failed to load resource: the server responded with a status of 404 (Not Found) @ http://localhost:8083/components/icons/fast_forward.svg:0
[     131ms] [ERROR] Failed to load resource: the server responded with a status of 404 (Not Found) @ http://localhost:8083/components/icons/fullscreen.svg:0
[     131ms] [ERROR] Failed to load resource: the server responded with a status of 404 (Not Found) @ http://localhost:8083/components/icons/pip.svg:0
[     132ms] [ERROR] Failed to load resource: the server responded with a status of 404 (Not Found) @ http://localhost:8083/components/icons/chevron.svg:0
[   54037ms] [ERROR] Failed to load resource: the server responded with a status of 404 (Not Found) @ http://localhost:8083/components/icons/pause.svg:0
[   83535ms] [ERROR] Failed to load resource: the server responded with a status of 404 (Not Found) @ http://localhost:8083/components/icons/replay.svg:0
